<html>
<body>
<pre>
<h1>µVision Build Log</h1>
<h2>Project:</h2>
C:\Users\Yogiraj Ganesh\Documents\Embedded\ARM\Embedded C\Multiple LED\Multiple_Leds.uvproj
Project File Date:  01/02/2026

<h2>Output:</h2>
Rebuild target 'Target 1'
assembling Startup.s...
compiling main.c...
main.c(28): warning:  #1-D: last line of file ends without a newline
main.c(28): error: At end of source:  #67: expected a "}"
Target not created
Rebuild target 'Target 1'
assembling Startup.s...
compiling main.c...
linking...
Program Size: Code=896 RO-data=16 RW-data=0 ZI-data=1256  
FromELF: creating hex file...
"Multiple_Leds.axf" - 0 Error(s), 0 Warning(s).
Rebuild target 'Target 1'
assembling Startup.s...
compiling main.c...
linking...
Program Size: Code=892 RO-data=16 RW-data=0 ZI-data=1256  
FromELF: creating hex file...
"Multiple_Leds.axf" - 0 Error(s), 0 Warning(s).
Rebuild target 'Target 1'
assembling Startup.s...
compiling main.c...
linking...
Program Size: Code=892 RO-data=16 RW-data=0 ZI-data=1256  
FromELF: creating hex file...
"Multiple_Leds.axf" - 0 Error(s), 0 Warning(s).
Rebuild target 'Target 1'
assembling Startup.s...
compiling main.c...
linking...
Program Size: Code=960 RO-data=16 RW-data=0 ZI-data=1256  
FromELF: creating hex file...
"Multiple_Leds.axf" - 0 Error(s), 0 Warning(s).
Rebuild target 'Target 1'
assembling Startup.s...
compiling main.c...
linking...
Program Size: Code=1052 RO-data=16 RW-data=0 ZI-data=1256  
FromELF: creating hex file...
"Multiple_Leds.axf" - 0 Error(s), 0 Warning(s).
Rebuild target 'Target 1'
assembling Startup.s...
compiling main.c...
linking...
Program Size: Code=1052 RO-data=16 RW-data=0 ZI-data=1256  
FromELF: creating hex file...
"Multiple_Leds.axf" - 0 Error(s), 0 Warning(s).
Rebuild target 'Target 1'
assembling Startup.s...
compiling main.c...
linking...
Program Size: Code=1052 RO-data=16 RW-data=0 ZI-data=1256  
FromELF: creating hex file...
"Multiple_Leds.axf" - 0 Error(s), 0 Warning(s).
Rebuild target 'Target 1'
assembling Startup.s...
compiling main.c...
linking...
Program Size: Code=1052 RO-data=16 RW-data=0 ZI-data=1256  
FromELF: creating hex file...
"Multiple_Leds.axf" - 0 Error(s), 0 Warning(s).
